===== ANALYST longcat 2026-09-03 17:03:51 UTC =====
[91m[1mError: [0m{
  "name": "UnknownError",
  "data": {
    "message": "Unexpected server error. Check server logs for details.",
    "ref": "err_70c9dc0a"
  }
}
===== ANALYST longcat 2026-09-03 19:50:16 UTC =====
[91m[1mError: [0m{
  "name": "UnknownError",
  "data": {
    "message": "Unexpected server error. Check server logs for details.",
    "ref": "err_064e2b0a"
  }
}
===== ANALYST longcat 2026-09-03 22:26:28 UTC =====
[91m[1mError: [0m{
  "name": "UnknownError",
  "data": {
    "message": "Unexpected server error. Check server logs for details.",
    "ref": "err_9ae3b2cc"
  }
}
===== ANALYST longcat 2026-09-04 00:18:06 UTC =====
[91m[1mError: [0m{
  "name": "UnknownError",
  "data": {
    "message": "Unexpected server error. Check server logs for details.",
    "ref": "err_6d701a97"
  }
}
===== ANALYST longcat 2026-09-04 04:49:30 UTC =====
[91m[1mError: [0m{
  "name": "UnknownError",
  "data": {
    "message": "Unexpected server error. Check server logs for details.",
    "ref": "err_5394b7bf"
  }
}
===== ANALYST longcat 2026-09-04 09:29:07 UTC =====
[91m[1mError: [0m{
  "name": "UnknownError",
  "data": {
    "message": "Unexpected server error. Check server logs for details.",
    "ref": "err_c7d3ffe4"
  }
}
===== ANALYST longcat 2026-09-04 13:57:16 UTC =====
[91m[1mError: [0m{
  "name": "UnknownError",
  "data": {
    "message": "Unexpected server error. Check server logs for details.",
    "ref": "err_f9717eb1"
  }
}
===== ANALYST longcat 2026-09-04 17:28:09 UTC =====
[91m[1mError: [0m{
  "name": "UnknownError",
  "data": {
    "message": "Unexpected server error. Check server logs for details.",
    "ref": "err_6e54b39e"
  }
}
===== ANALYST longcat 2026-09-04 20:00:07 UTC =====
[91m[1mError: [0m{
  "name": "UnknownError",
  "data": {
    "message": "Unexpected server error. Check server logs for details.",
    "ref": "err_85df9d74"
  }
}
===== ANALYST longcat 2026-09-04 22:13:28 UTC =====
[91m[1mError: [0m{
  "name": "UnknownError",
  "data": {
    "message": "Unexpected server error. Check server logs for details.",
    "ref": "err_f0f2f8c9"
  }
}
===== ANALYST longcat 2026-09-05 00:15:52 UTC =====
[91m[1mError: [0m{
  "name": "UnknownError",
  "data": {
    "message": "Unexpected server error. Check server logs for details.",
    "ref": "err_273c4e4a"
  }
}
===== ANALYST longcat 2026-09-05 04:42:30 UTC =====
[91m[1mError: [0m{
  "name": "UnknownError",
  "data": {
    "message": "Unexpected server error. Check server logs for details.",
    "ref": "err_edf8cb80"
  }
}
===== ANALYST longcat 2026-09-05 08:40:59 UTC =====
[91m[1mError: [0m{
  "name": "UnknownError",
  "data": {
    "message": "Unexpected server error. Check server logs for details.",
    "ref": "err_311fbd18"
  }
}
===== ANALYST longcat 2026-09-05 12:13:01 UTC =====
[91m[1mError: [0m{
  "name": "UnknownError",
  "data": {
    "message": "Unexpected server error. Check server logs for details.",
    "ref": "err_c0a7d9be"
  }
}
===== ANALYST longcat 2026-09-05 15:38:16 UTC =====
[91m[1mError: [0m{
  "name": "UnknownError",
  "data": {
    "message": "Unexpected server error. Check server logs for details.",
    "ref": "err_e2bcd2f2"
  }
}
===== ANALYST longcat 2026-09-05 17:34:36 UTC =====
[91m[1mError: [0m{
  "name": "UnknownError",
  "data": {
    "message": "Unexpected server error. Check server logs for details.",
    "ref": "err_d5b2e255"
  }
}
===== ANALYST longcat 2026-09-05 19:34:03 UTC =====
[91m[1mError: [0m{
  "name": "UnknownError",
  "data": {
    "message": "Unexpected server error. Check server logs for details.",
    "ref": "err_949306df"
  }
}
===== ANALYST longcat 2026-09-05 21:50:35 UTC =====
[91m[1mError: [0m{
  "name": "UnknownError",
  "data": {
    "message": "Unexpected server error. Check server logs for details.",
    "ref": "err_ec22d248"
  }
}
===== ANALYST longcat 2026-09-05 23:36:53 UTC =====
[91m[1mError: [0m{
  "name": "UnknownError",
  "data": {
    "message": "Unexpected server error. Check server logs for details.",
    "ref": "err_07e0d760"
  }
}
===== ANALYST longcat 2026-09-06 01:23:32 UTC =====
[91m[1mError: [0m{
  "name": "UnknownError",
  "data": {
    "message": "Unexpected server error. Check server logs for details.",
    "ref": "err_3dc965f6"
  }
}
===== ANALYST longcat 2026-09-06 06:09:00 UTC =====
[91m[1mError: [0m{
  "name": "UnknownError",
  "data": {
    "message": "Unexpected server error. Check server logs for details.",
    "ref": "err_d32cd2b3"
  }
}
===== ANALYST longcat 2026-09-06 11:14:05 UTC =====
[91m[1mError: [0m{
  "name": "UnknownError",
  "data": {
    "message": "Unexpected server error. Check server logs for details.",
    "ref": "err_14b7d829"
  }
}
===== ANALYST longcat 2026-09-06 14:23:37 UTC =====
[91m[1mError: [0m{
  "name": "UnknownError",
  "data": {
    "message": "Unexpected server error. Check server logs for details.",
    "ref": "err_9443b883"
  }
}
===== ANALYST longcat 2026-09-06 17:24:00 UTC =====
[91m[1mError: [0m{
  "name": "UnknownError",
  "data": {
    "message": "Unexpected server error. Check server logs for details.",
    "ref": "err_8ba92d7b"
  }
}
===== ANALYST longcat 2026-09-06 19:36:26 UTC =====
[91m[1mError: [0m{
  "name": "UnknownError",
  "data": {
    "message": "Unexpected server error. Check server logs for details.",
    "ref": "err_2bb880de"
  }
}
===== ANALYST longcat 2026-09-06 21:29:38 UTC =====
[91m[1mError: [0m{
  "name": "UnknownError",
  "data": {
    "message": "Unexpected server error. Check server logs for details.",
    "ref": "err_2248adfd"
  }
}
===== ANALYST longcat 2026-09-06 23:09:34 UTC =====
[91m[1mError: [0m{
  "name": "UnknownError",
  "data": {
    "message": "Unexpected server error. Check server logs for details.",
    "ref": "err_6fbfca86"
  }
}
===== ANALYST longcat 2026-09-07 01:10:24 UTC =====
[91m[1mError: [0m{
  "name": "UnknownError",
  "data": {
    "message": "Unexpected server error. Check server logs for details.",
    "ref": "err_4696c487"
  }
}
===== ANALYST longcat 2026-09-07 06:14:13 UTC =====
[91m[1mError: [0m{
  "name": "UnknownError",
  "data": {
    "message": "Unexpected server error. Check server logs for details.",
    "ref": "err_ff6321a6"
  }
}
===== ANALYST longcat 2026-09-07 12:59:23 UTC =====
[91m[1mError: [0m{
  "name": "UnknownError",
  "data": {
    "message": "Unexpected server error. Check server logs for details.",
    "ref": "err_dc09a939"
  }
}
===== ANALYST longcat 2026-09-07 18:10:46 UTC =====
[91m[1mError: [0m{
  "name": "UnknownError",
  "data": {
    "message": "Unexpected server error. Check server logs for details.",
    "ref": "err_b97aa93b"
  }
}
===== ANALYST longcat 2026-09-07 21:38:56 UTC =====
[91m[1mError: [0m{
  "name": "UnknownError",
  "data": {
    "message": "Unexpected server error. Check server logs for details.",
    "ref": "err_67ff2260"
  }
}
===== ANALYST longcat 2026-09-07 23:50:44 UTC =====
[91m[1mError: [0m{
  "name": "UnknownError",
  "data": {
    "message": "Unexpected server error. Check server logs for details.",
    "ref": "err_d3f7c306"
  }
}
===== ANALYST longcat 2026-09-08 03:19:52 UTC =====
[91m[1mError: [0m{
  "name": "UnknownError",
  "data": {
    "message": "Unexpected server error. Check server logs for details.",
    "ref": "err_4f8f435a"
  }
}
===== ANALYST longcat 2026-09-08 08:16:48 UTC =====
[91m[1mError: [0m{
  "name": "UnknownError",
  "data": {
    "message": "Unexpected server error. Check server logs for details.",
    "ref": "err_ea256cb7"
  }
}
===== ANALYST longcat 2026-09-08 13:05:10 UTC =====
[91m[1mError: [0m{
  "name": "UnknownError",
  "data": {
    "message": "Unexpected server error. Check server logs for details.",
    "ref": "err_5a57849f"
  }
}
===== ANALYST longcat 2026-09-08 17:26:11 UTC =====
[91m[1mError: [0m{
  "name": "UnknownError",
  "data": {
    "message": "Unexpected server error. Check server logs for details.",
    "ref": "err_8028031a"
  }
}
===== ANALYST longcat 2026-09-08 20:01:02 UTC =====
[91m[1mError: [0m{
  "name": "UnknownError",
  "data": {
    "message": "Unexpected server error. Check server logs for details.",
    "ref": "err_d31edf15"
  }
}
===== ANALYST longcat 2026-09-08 22:29:15 UTC =====
[91m[1mError: [0m{
  "name": "UnknownError",
  "data": {
    "message": "Unexpected server error. Check server logs for details.",
    "ref": "err_9667a4a9"
  }
}
===== ANALYST longcat 2026-09-09 00:37:30 UTC =====
[91m[1mError: [0m{
  "name": "UnknownError",
  "data": {
    "message": "Unexpected server error. Check server logs for details.",
    "ref": "err_0b51c399"
  }
}
===== ANALYST longcat 2026-09-09 05:21:42 UTC =====
[91m[1mError: [0m{
  "name": "UnknownError",
  "data": {
    "message": "Unexpected server error. Check server logs for details.",
    "ref": "err_1441211d"
  }
}
===== ANALYST longcat 2026-09-09 09:58:09 UTC =====
[91m[1mError: [0m{
  "name": "UnknownError",
  "data": {
    "message": "Unexpected server error. Check server logs for details.",
    "ref": "err_c6b82c52"
  }
}
===== ANALYST longcat 2026-09-09 14:23:13 UTC =====
[91m[1mError: [0m{
  "name": "UnknownError",
  "data": {
    "message": "Unexpected server error. Check server logs for details.",
    "ref": "err_5b71b335"
  }
}
===== ANALYST longcat 2026-09-09 17:53:56 UTC =====
[91m[1mError: [0m{
  "name": "UnknownError",
  "data": {
    "message": "Unexpected server error. Check server logs for details.",
    "ref": "err_7e53b1c9"
  }
}
===== ANALYST longcat 2026-09-09 20:32:52 UTC =====
[91m[1mError: [0m{
  "name": "UnknownError",
  "data": {
    "message": "Unexpected server error. Check server logs for details.",
    "ref": "err_1a2291ef"
  }
}
===== ANALYST longcat 2026-09-09 22:48:10 UTC =====
[91m[1mError: [0m{
  "name": "UnknownError",
  "data": {
    "message": "Unexpected server error. Check server logs for details.",
    "ref": "err_4d5a484e"
  }
}
===== ANALYST longcat 2026-09-10 00:54:07 UTC =====
[91m[1mError: [0m{
  "name": "UnknownError",
  "data": {
    "message": "Unexpected server error. Check server logs for details.",
    "ref": "err_a978354c"
  }
}
===== ANALYST longcat 2026-09-10 05:43:54 UTC =====
[91m[1mError: [0m{
  "name": "UnknownError",
  "data": {
    "message": "Unexpected server error. Check server logs for details.",
    "ref": "err_eb0cf429"
  }
}
===== ANALYST longcat 2026-09-10 10:11:11 UTC =====
[91m[1mError: [0m{
  "name": "UnknownError",
  "data": {
    "message": "Unexpected server error. Check server logs for details.",
    "ref": "err_9fb86bc4"
  }
}
===== ANALYST longcat 2026-09-10 14:42:33 UTC =====
[91m[1mError: [0m{
  "name": "UnknownError",
  "data": {
    "message": "Unexpected server error. Check server logs for details.",
    "ref": "err_718844d2"
  }
}
===== ANALYST longcat 2026-09-10 17:57:11 UTC =====
[91m[1mError: [0m{
  "name": "UnknownError",
  "data": {
    "message": "Unexpected server error. Check server logs for details.",
    "ref": "err_8a82d852"
  }
}
===== ANALYST longcat 2026-09-10 20:32:16 UTC =====
[91m[1mError: [0m{
  "name": "UnknownError",
  "data": {
    "message": "Unexpected server error. Check server logs for details.",
    "ref": "err_76f2897e"
  }
}
===== ANALYST longcat 2026-09-10 22:48:06 UTC =====
[91m[1mError: [0m{
  "name": "UnknownError",
  "data": {
    "message": "Unexpected server error. Check server logs for details.",
    "ref": "err_d382b3c4"
  }
}
===== ANALYST longcat 2026-09-11 00:57:29 UTC =====
[91m[1mError: [0m{
  "name": "UnknownError",
  "data": {
    "message": "Unexpected server error. Check server logs for details.",
    "ref": "err_eca90e9b"
  }
}
===== ANALYST longcat 2026-09-11 05:46:33 UTC =====
[91m[1mError: [0m{
  "name": "UnknownError",
  "data": {
    "message": "Unexpected server error. Check server logs for details.",
    "ref": "err_e2db1ad8"
  }
}
===== ANALYST longcat 2026-09-11 10:07:18 UTC =====
[91m[1mError: [0m{
  "name": "UnknownError",
  "data": {
    "message": "Unexpected server error. Check server logs for details.",
    "ref": "err_0159806b"
  }
}
===== ANALYST longcat 2026-09-11 14:40:30 UTC =====
[91m[1mError: [0m{
  "name": "UnknownError",
  "data": {
    "message": "Unexpected server error. Check server logs for details.",
    "ref": "err_6a5b5891"
  }
}
===== ANALYST longcat 2026-09-11 18:01:32 UTC =====
[91m[1mError: [0m{
  "name": "UnknownError",
  "data": {
    "message": "Unexpected server error. Check server logs for details.",
    "ref": "err_f5308266"
  }
}
===== ANALYST longcat 2026-09-11 20:42:29 UTC =====
[91m[1mError: [0m{
  "name": "UnknownError",
  "data": {
    "message": "Unexpected server error. Check server logs for details.",
    "ref": "err_ad563bdd"
  }
}
===== ANALYST longcat 2026-09-11 22:47:57 UTC =====
[91m[1mError: [0m{
  "name": "UnknownError",
  "data": {
    "message": "Unexpected server error. Check server logs for details.",
    "ref": "err_5865ca56"
  }
}
===== ANALYST longcat 2026-09-12 00:58:51 UTC =====
[91m[1mError: [0m{
  "name": "UnknownError",
  "data": {
    "message": "Unexpected server error. Check server logs for details.",
    "ref": "err_346ba6cd"
  }
}
===== ANALYST longcat 2026-09-12 05:31:41 UTC =====
[91m[1mError: [0m{
  "name": "UnknownError",
  "data": {
    "message": "Unexpected server error. Check server logs for details.",
    "ref": "err_f56a1242"
  }
}
===== ANALYST longcat 2026-09-12 09:39:51 UTC =====
[91m[1mError: [0m{
  "name": "UnknownError",
  "data": {
    "message": "Unexpected server error. Check server logs for details.",
    "ref": "err_f825c974"
  }
}
===== ANALYST longcat 2026-09-12 13:13:44 UTC =====
[91m[1mError: [0m{
  "name": "UnknownError",
  "data": {
    "message": "Unexpected server error. Check server logs for details.",
    "ref": "err_ca07cca3"
  }
}
===== ANALYST longcat 2026-09-12 16:28:08 UTC =====
[91m[1mError: [0m{
  "name": "UnknownError",
  "data": {
    "message": "Unexpected server error. Check server logs for details.",
    "ref": "err_8d357c42"
  }
}
