===== ANALYST laguna 2026-09-03 17:03:51 UTC =====
[91m[1mError: [0m{
  "name": "UnknownError",
  "data": {
    "message": "Unexpected server error. Check server logs for details.",
    "ref": "err_546276ae"
  }
}
===== ANALYST laguna 2026-09-03 19:50:16 UTC =====
[91m[1mError: [0m{
  "name": "UnknownError",
  "data": {
    "message": "Unexpected server error. Check server logs for details.",
    "ref": "err_4201b4c9"
  }
}
===== ANALYST laguna 2026-09-03 22:26:28 UTC =====
[91m[1mError: [0m{
  "name": "UnknownError",
  "data": {
    "message": "Unexpected server error. Check server logs for details.",
    "ref": "err_9c588757"
  }
}
===== ANALYST laguna 2026-09-04 00:18:06 UTC =====
[91m[1mError: [0m{
  "name": "UnknownError",
  "data": {
    "message": "Unexpected server error. Check server logs for details.",
    "ref": "err_0117d255"
  }
}
===== ANALYST laguna 2026-09-04 04:49:30 UTC =====
[91m[1mError: [0m{
  "name": "UnknownError",
  "data": {
    "message": "Unexpected server error. Check server logs for details.",
    "ref": "err_0d53820a"
  }
}
===== ANALYST laguna 2026-09-04 09:29:07 UTC =====
[91m[1mError: [0m{
  "name": "UnknownError",
  "data": {
    "message": "Unexpected server error. Check server logs for details.",
    "ref": "err_110f1398"
  }
}
===== ANALYST laguna 2026-09-04 13:57:16 UTC =====
[91m[1mError: [0m{
  "name": "UnknownError",
  "data": {
    "message": "Unexpected server error. Check server logs for details.",
    "ref": "err_5cfe61b7"
  }
}
===== ANALYST laguna 2026-09-04 17:28:09 UTC =====
[91m[1mError: [0m{
  "name": "UnknownError",
  "data": {
    "message": "Unexpected server error. Check server logs for details.",
    "ref": "err_7e3f64ec"
  }
}
===== ANALYST laguna 2026-09-04 20:00:07 UTC =====
[91m[1mError: [0m{
  "name": "UnknownError",
  "data": {
    "message": "Unexpected server error. Check server logs for details.",
    "ref": "err_de206a56"
  }
}
===== ANALYST laguna 2026-09-04 22:13:28 UTC =====
[91m[1mError: [0m{
  "name": "UnknownError",
  "data": {
    "message": "Unexpected server error. Check server logs for details.",
    "ref": "err_a478e091"
  }
}
===== ANALYST laguna 2026-09-05 00:15:52 UTC =====
[91m[1mError: [0m{
  "name": "UnknownError",
  "data": {
    "message": "Unexpected server error. Check server logs for details.",
    "ref": "err_d9069b2d"
  }
}
===== ANALYST laguna 2026-09-05 04:42:30 UTC =====
[91m[1mError: [0m{
  "name": "UnknownError",
  "data": {
    "message": "Unexpected server error. Check server logs for details.",
    "ref": "err_80087e35"
  }
}
===== ANALYST laguna 2026-09-05 08:40:59 UTC =====
[91m[1mError: [0m{
  "name": "UnknownError",
  "data": {
    "message": "Unexpected server error. Check server logs for details.",
    "ref": "err_a0aadd59"
  }
}
===== ANALYST laguna 2026-09-05 12:13:01 UTC =====
[91m[1mError: [0m{
  "name": "UnknownError",
  "data": {
    "message": "Unexpected server error. Check server logs for details.",
    "ref": "err_8b70e191"
  }
}
===== ANALYST laguna 2026-09-05 15:38:16 UTC =====
[91m[1mError: [0m{
  "name": "UnknownError",
  "data": {
    "message": "Unexpected server error. Check server logs for details.",
    "ref": "err_b0303f16"
  }
}
===== ANALYST laguna 2026-09-05 17:34:36 UTC =====
[91m[1mError: [0m{
  "name": "UnknownError",
  "data": {
    "message": "Unexpected server error. Check server logs for details.",
    "ref": "err_75c3df2c"
  }
}
===== ANALYST laguna 2026-09-05 19:34:03 UTC =====
[91m[1mError: [0m{
  "name": "UnknownError",
  "data": {
    "message": "Unexpected server error. Check server logs for details.",
    "ref": "err_a3067262"
  }
}
===== ANALYST laguna 2026-09-05 21:50:35 UTC =====
[91m[1mError: [0m{
  "name": "UnknownError",
  "data": {
    "message": "Unexpected server error. Check server logs for details.",
    "ref": "err_44beb1c1"
  }
}
===== ANALYST laguna 2026-09-05 23:36:53 UTC =====
[91m[1mError: [0m{
  "name": "UnknownError",
  "data": {
    "message": "Unexpected server error. Check server logs for details.",
    "ref": "err_6b8e17b4"
  }
}
===== ANALYST laguna 2026-09-06 01:23:32 UTC =====
[91m[1mError: [0m{
  "name": "UnknownError",
  "data": {
    "message": "Unexpected server error. Check server logs for details.",
    "ref": "err_ecfdd85c"
  }
}
===== ANALYST laguna 2026-09-06 06:09:00 UTC =====
[91m[1mError: [0m{
  "name": "UnknownError",
  "data": {
    "message": "Unexpected server error. Check server logs for details.",
    "ref": "err_308ca22c"
  }
}
===== ANALYST laguna 2026-09-06 11:14:05 UTC =====
[91m[1mError: [0m{
  "name": "UnknownError",
  "data": {
    "message": "Unexpected server error. Check server logs for details.",
    "ref": "err_d3d5b8e2"
  }
}
===== ANALYST laguna 2026-09-06 14:23:37 UTC =====
[91m[1mError: [0m{
  "name": "UnknownError",
  "data": {
    "message": "Unexpected server error. Check server logs for details.",
    "ref": "err_f9e1e982"
  }
}
===== ANALYST laguna 2026-09-06 17:24:00 UTC =====
[91m[1mError: [0m{
  "name": "UnknownError",
  "data": {
    "message": "Unexpected server error. Check server logs for details.",
    "ref": "err_8bb85e4d"
  }
}
===== ANALYST laguna 2026-09-06 19:36:26 UTC =====
[91m[1mError: [0m{
  "name": "UnknownError",
  "data": {
    "message": "Unexpected server error. Check server logs for details.",
    "ref": "err_7048f49b"
  }
}
===== ANALYST laguna 2026-09-06 21:29:38 UTC =====
[91m[1mError: [0m{
  "name": "UnknownError",
  "data": {
    "message": "Unexpected server error. Check server logs for details.",
    "ref": "err_750d0c9f"
  }
}
===== ANALYST laguna 2026-09-06 23:09:34 UTC =====
[91m[1mError: [0m{
  "name": "UnknownError",
  "data": {
    "message": "Unexpected server error. Check server logs for details.",
    "ref": "err_06b58206"
  }
}
===== ANALYST laguna 2026-09-07 01:10:24 UTC =====
[91m[1mError: [0m{
  "name": "UnknownError",
  "data": {
    "message": "Unexpected server error. Check server logs for details.",
    "ref": "err_7a40adbe"
  }
}
===== ANALYST laguna 2026-09-07 06:14:13 UTC =====
[91m[1mError: [0m{
  "name": "UnknownError",
  "data": {
    "message": "Unexpected server error. Check server logs for details.",
    "ref": "err_e0118fba"
  }
}
===== ANALYST laguna 2026-09-07 12:59:23 UTC =====
[91m[1mError: [0m{
  "name": "UnknownError",
  "data": {
    "message": "Unexpected server error. Check server logs for details.",
    "ref": "err_b27fa929"
  }
}
===== ANALYST laguna 2026-09-07 18:10:46 UTC =====
[91m[1mError: [0m{
  "name": "UnknownError",
  "data": {
    "message": "Unexpected server error. Check server logs for details.",
    "ref": "err_5d87af5c"
  }
}
===== ANALYST laguna 2026-09-07 21:38:56 UTC =====
[91m[1mError: [0m{
  "name": "UnknownError",
  "data": {
    "message": "Unexpected server error. Check server logs for details.",
    "ref": "err_38a7d651"
  }
}
===== ANALYST laguna 2026-09-07 23:50:44 UTC =====
[91m[1mError: [0m{
  "name": "UnknownError",
  "data": {
    "message": "Unexpected server error. Check server logs for details.",
    "ref": "err_34f852c1"
  }
}
===== ANALYST laguna 2026-09-08 03:19:52 UTC =====
[91m[1mError: [0m{
  "name": "UnknownError",
  "data": {
    "message": "Unexpected server error. Check server logs for details.",
    "ref": "err_c1f46ffe"
  }
}
===== ANALYST laguna 2026-09-08 08:16:48 UTC =====
[91m[1mError: [0m{
  "name": "UnknownError",
  "data": {
    "message": "Unexpected server error. Check server logs for details.",
    "ref": "err_0cb8c231"
  }
}
===== ANALYST laguna 2026-09-08 13:05:10 UTC =====
[91m[1mError: [0m{
  "name": "UnknownError",
  "data": {
    "message": "Unexpected server error. Check server logs for details.",
    "ref": "err_9477e4aa"
  }
}
===== ANALYST laguna 2026-09-08 17:26:11 UTC =====
[91m[1mError: [0m{
  "name": "UnknownError",
  "data": {
    "message": "Unexpected server error. Check server logs for details.",
    "ref": "err_5a6a3b92"
  }
}
===== ANALYST laguna 2026-09-08 20:01:02 UTC =====
[91m[1mError: [0m{
  "name": "UnknownError",
  "data": {
    "message": "Unexpected server error. Check server logs for details.",
    "ref": "err_8b8b1e8a"
  }
}
===== ANALYST laguna 2026-09-08 22:29:15 UTC =====
[91m[1mError: [0m{
  "name": "UnknownError",
  "data": {
    "message": "Unexpected server error. Check server logs for details.",
    "ref": "err_c5b42623"
  }
}
===== ANALYST laguna 2026-09-09 00:37:30 UTC =====
[91m[1mError: [0m{
  "name": "UnknownError",
  "data": {
    "message": "Unexpected server error. Check server logs for details.",
    "ref": "err_9081960c"
  }
}
===== ANALYST laguna 2026-09-09 05:21:42 UTC =====
[91m[1mError: [0m{
  "name": "UnknownError",
  "data": {
    "message": "Unexpected server error. Check server logs for details.",
    "ref": "err_6feb7474"
  }
}
===== ANALYST laguna 2026-09-09 09:58:09 UTC =====
[91m[1mError: [0m{
  "name": "UnknownError",
  "data": {
    "message": "Unexpected server error. Check server logs for details.",
    "ref": "err_081b755f"
  }
}
===== ANALYST laguna 2026-09-09 14:23:13 UTC =====
[91m[1mError: [0m{
  "name": "UnknownError",
  "data": {
    "message": "Unexpected server error. Check server logs for details.",
    "ref": "err_c1bb3bd1"
  }
}
===== ANALYST laguna 2026-09-09 17:53:56 UTC =====
[91m[1mError: [0m{
  "name": "UnknownError",
  "data": {
    "message": "Unexpected server error. Check server logs for details.",
    "ref": "err_4c655c78"
  }
}
===== ANALYST laguna 2026-09-09 20:32:52 UTC =====
[91m[1mError: [0m{
  "name": "UnknownError",
  "data": {
    "message": "Unexpected server error. Check server logs for details.",
    "ref": "err_d71ab990"
  }
}
===== ANALYST laguna 2026-09-09 22:48:10 UTC =====
[91m[1mError: [0m{
  "name": "UnknownError",
  "data": {
    "message": "Unexpected server error. Check server logs for details.",
    "ref": "err_732e1448"
  }
}
===== ANALYST laguna 2026-09-10 00:54:07 UTC =====
[91m[1mError: [0m{
  "name": "UnknownError",
  "data": {
    "message": "Unexpected server error. Check server logs for details.",
    "ref": "err_6e127442"
  }
}
===== ANALYST laguna 2026-09-10 05:43:54 UTC =====
[91m[1mError: [0m{
  "name": "UnknownError",
  "data": {
    "message": "Unexpected server error. Check server logs for details.",
    "ref": "err_32e299d2"
  }
}
===== ANALYST laguna 2026-09-10 10:11:11 UTC =====
[91m[1mError: [0m{
  "name": "UnknownError",
  "data": {
    "message": "Unexpected server error. Check server logs for details.",
    "ref": "err_a4bcf436"
  }
}
