===== ANALYST ling3 2026-09-03 17:03:51 UTC =====
[91m[1mError: [0m{
  "name": "UnknownError",
  "data": {
    "message": "Unexpected server error. Check server logs for details.",
    "ref": "err_f38bcf6b"
  }
}
===== ANALYST ling3 2026-09-03 19:50:16 UTC =====
[91m[1mError: [0m{
  "name": "UnknownError",
  "data": {
    "message": "Unexpected server error. Check server logs for details.",
    "ref": "err_c204a4a8"
  }
}
===== ANALYST ling3 2026-09-03 22:26:28 UTC =====
[91m[1mError: [0m{
  "name": "UnknownError",
  "data": {
    "message": "Unexpected server error. Check server logs for details.",
    "ref": "err_27f88471"
  }
}
===== ANALYST ling3 2026-09-04 00:18:06 UTC =====
[91m[1mError: [0m{
  "name": "UnknownError",
  "data": {
    "message": "Unexpected server error. Check server logs for details.",
    "ref": "err_8cb4f291"
  }
}
===== ANALYST ling3 2026-09-04 04:49:30 UTC =====
[91m[1mError: [0m{
  "name": "UnknownError",
  "data": {
    "message": "Unexpected server error. Check server logs for details.",
    "ref": "err_75d1aee6"
  }
}
===== ANALYST ling3 2026-09-04 09:29:07 UTC =====
[91m[1mError: [0m{
  "name": "UnknownError",
  "data": {
    "message": "Unexpected server error. Check server logs for details.",
    "ref": "err_376d2554"
  }
}
===== ANALYST ling3 2026-09-04 13:57:16 UTC =====
[91m[1mError: [0m{
  "name": "UnknownError",
  "data": {
    "message": "Unexpected server error. Check server logs for details.",
    "ref": "err_35b3b68a"
  }
}
===== ANALYST ling3 2026-09-04 17:28:09 UTC =====
[91m[1mError: [0m{
  "name": "UnknownError",
  "data": {
    "message": "Unexpected server error. Check server logs for details.",
    "ref": "err_0a4270e0"
  }
}
===== ANALYST ling3 2026-09-04 20:00:07 UTC =====
[91m[1mError: [0m{
  "name": "UnknownError",
  "data": {
    "message": "Unexpected server error. Check server logs for details.",
    "ref": "err_62da053f"
  }
}
===== ANALYST ling3 2026-09-04 22:13:28 UTC =====
[91m[1mError: [0m{
  "name": "UnknownError",
  "data": {
    "message": "Unexpected server error. Check server logs for details.",
    "ref": "err_abb738f2"
  }
}
===== ANALYST ling3 2026-09-05 00:15:52 UTC =====
[91m[1mError: [0m{
  "name": "UnknownError",
  "data": {
    "message": "Unexpected server error. Check server logs for details.",
    "ref": "err_cdbf9287"
  }
}
===== ANALYST ling3 2026-09-05 04:42:30 UTC =====
[91m[1mError: [0m{
  "name": "UnknownError",
  "data": {
    "message": "Unexpected server error. Check server logs for details.",
    "ref": "err_1731b428"
  }
}
===== ANALYST ling3 2026-09-05 08:40:59 UTC =====
[91m[1mError: [0m{
  "name": "UnknownError",
  "data": {
    "message": "Unexpected server error. Check server logs for details.",
    "ref": "err_279ee778"
  }
}
===== ANALYST ling3 2026-09-05 12:13:01 UTC =====
[91m[1mError: [0m{
  "name": "UnknownError",
  "data": {
    "message": "Unexpected server error. Check server logs for details.",
    "ref": "err_87fb3e3a"
  }
}
===== ANALYST ling3 2026-09-05 15:38:16 UTC =====
[91m[1mError: [0m{
  "name": "UnknownError",
  "data": {
    "message": "Unexpected server error. Check server logs for details.",
    "ref": "err_80a59d59"
  }
}
===== ANALYST ling3 2026-09-05 17:34:36 UTC =====
[91m[1mError: [0m{
  "name": "UnknownError",
  "data": {
    "message": "Unexpected server error. Check server logs for details.",
    "ref": "err_804ccb9c"
  }
}
===== ANALYST ling3 2026-09-05 19:34:03 UTC =====
[91m[1mError: [0m{
  "name": "UnknownError",
  "data": {
    "message": "Unexpected server error. Check server logs for details.",
    "ref": "err_0915420a"
  }
}
===== ANALYST ling3 2026-09-05 21:50:35 UTC =====
[91m[1mError: [0m{
  "name": "UnknownError",
  "data": {
    "message": "Unexpected server error. Check server logs for details.",
    "ref": "err_bea28fa7"
  }
}
===== ANALYST ling3 2026-09-05 23:36:53 UTC =====
[91m[1mError: [0m{
  "name": "UnknownError",
  "data": {
    "message": "Unexpected server error. Check server logs for details.",
    "ref": "err_589ee340"
  }
}
===== ANALYST ling3 2026-09-06 01:23:32 UTC =====
[91m[1mError: [0m{
  "name": "UnknownError",
  "data": {
    "message": "Unexpected server error. Check server logs for details.",
    "ref": "err_96bdcfe9"
  }
}
===== ANALYST ling3 2026-09-06 06:09:00 UTC =====
[91m[1mError: [0m{
  "name": "UnknownError",
  "data": {
    "message": "Unexpected server error. Check server logs for details.",
    "ref": "err_7f236a32"
  }
}
===== ANALYST ling3 2026-09-06 11:14:05 UTC =====
[91m[1mError: [0m{
  "name": "UnknownError",
  "data": {
    "message": "Unexpected server error. Check server logs for details.",
    "ref": "err_081bf499"
  }
}
===== ANALYST ling3 2026-09-06 14:23:37 UTC =====
[91m[1mError: [0m{
  "name": "UnknownError",
  "data": {
    "message": "Unexpected server error. Check server logs for details.",
    "ref": "err_e11ed7e7"
  }
}
===== ANALYST ling3 2026-09-06 17:24:00 UTC =====
[91m[1mError: [0m{
  "name": "UnknownError",
  "data": {
    "message": "Unexpected server error. Check server logs for details.",
    "ref": "err_b0a0f9a2"
  }
}
===== ANALYST ling3 2026-09-06 19:36:26 UTC =====
[91m[1mError: [0m{
  "name": "UnknownError",
  "data": {
    "message": "Unexpected server error. Check server logs for details.",
    "ref": "err_8e69b4b2"
  }
}
===== ANALYST ling3 2026-09-06 21:29:38 UTC =====
[91m[1mError: [0m{
  "name": "UnknownError",
  "data": {
    "message": "Unexpected server error. Check server logs for details.",
    "ref": "err_761471a7"
  }
}
===== ANALYST ling3 2026-09-06 23:09:34 UTC =====
[91m[1mError: [0m{
  "name": "UnknownError",
  "data": {
    "message": "Unexpected server error. Check server logs for details.",
    "ref": "err_cc764ec3"
  }
}
===== ANALYST ling3 2026-09-07 01:10:24 UTC =====
[91m[1mError: [0m{
  "name": "UnknownError",
  "data": {
    "message": "Unexpected server error. Check server logs for details.",
    "ref": "err_ace1b61b"
  }
}
===== ANALYST ling3 2026-09-07 06:14:13 UTC =====
[91m[1mError: [0m{
  "name": "UnknownError",
  "data": {
    "message": "Unexpected server error. Check server logs for details.",
    "ref": "err_ded4cf12"
  }
}
===== ANALYST ling3 2026-09-07 12:59:23 UTC =====
[91m[1mError: [0m{
  "name": "UnknownError",
  "data": {
    "message": "Unexpected server error. Check server logs for details.",
    "ref": "err_9373b755"
  }
}
===== ANALYST ling3 2026-09-07 18:10:46 UTC =====
[91m[1mError: [0m{
  "name": "UnknownError",
  "data": {
    "message": "Unexpected server error. Check server logs for details.",
    "ref": "err_0e755ece"
  }
}
===== ANALYST ling3 2026-09-07 21:38:56 UTC =====
[91m[1mError: [0m{
  "name": "UnknownError",
  "data": {
    "message": "Unexpected server error. Check server logs for details.",
    "ref": "err_09fd8299"
  }
}
===== ANALYST ling3 2026-09-07 23:50:44 UTC =====
[91m[1mError: [0m{
  "name": "UnknownError",
  "data": {
    "message": "Unexpected server error. Check server logs for details.",
    "ref": "err_193548a6"
  }
}
===== ANALYST ling3 2026-09-08 03:19:52 UTC =====
[91m[1mError: [0m{
  "name": "UnknownError",
  "data": {
    "message": "Unexpected server error. Check server logs for details.",
    "ref": "err_760519a2"
  }
}
===== ANALYST ling3 2026-09-08 08:16:48 UTC =====
[91m[1mError: [0m{
  "name": "UnknownError",
  "data": {
    "message": "Unexpected server error. Check server logs for details.",
    "ref": "err_00559e93"
  }
}
===== ANALYST ling3 2026-09-08 13:05:10 UTC =====
[91m[1mError: [0m{
  "name": "UnknownError",
  "data": {
    "message": "Unexpected server error. Check server logs for details.",
    "ref": "err_e75f69db"
  }
}
===== ANALYST ling3 2026-09-08 17:26:11 UTC =====
[91m[1mError: [0m{
  "name": "UnknownError",
  "data": {
    "message": "Unexpected server error. Check server logs for details.",
    "ref": "err_f8c4f5eb"
  }
}
===== ANALYST ling3 2026-09-08 20:01:02 UTC =====
[91m[1mError: [0m{
  "name": "UnknownError",
  "data": {
    "message": "Unexpected server error. Check server logs for details.",
    "ref": "err_08c70a1e"
  }
}
===== ANALYST ling3 2026-09-08 22:29:15 UTC =====
[91m[1mError: [0m{
  "name": "UnknownError",
  "data": {
    "message": "Unexpected server error. Check server logs for details.",
    "ref": "err_0f8fc521"
  }
}
===== ANALYST ling3 2026-09-09 00:37:30 UTC =====
[91m[1mError: [0m{
  "name": "UnknownError",
  "data": {
    "message": "Unexpected server error. Check server logs for details.",
    "ref": "err_61d54dc9"
  }
}
===== ANALYST ling3 2026-09-09 05:21:42 UTC =====
[91m[1mError: [0m{
  "name": "UnknownError",
  "data": {
    "message": "Unexpected server error. Check server logs for details.",
    "ref": "err_0dba83ab"
  }
}
===== ANALYST ling3 2026-09-09 09:58:09 UTC =====
[91m[1mError: [0m{
  "name": "UnknownError",
  "data": {
    "message": "Unexpected server error. Check server logs for details.",
    "ref": "err_a957580d"
  }
}
===== ANALYST ling3 2026-09-09 14:23:13 UTC =====
[91m[1mError: [0m{
  "name": "UnknownError",
  "data": {
    "message": "Unexpected server error. Check server logs for details.",
    "ref": "err_952b05c5"
  }
}
===== ANALYST ling3 2026-09-09 17:53:56 UTC =====
[91m[1mError: [0m{
  "name": "UnknownError",
  "data": {
    "message": "Unexpected server error. Check server logs for details.",
    "ref": "err_3ea77903"
  }
}
===== ANALYST ling3 2026-09-09 20:32:52 UTC =====
[91m[1mError: [0m{
  "name": "UnknownError",
  "data": {
    "message": "Unexpected server error. Check server logs for details.",
    "ref": "err_414aae6f"
  }
}
===== ANALYST ling3 2026-09-09 22:48:10 UTC =====
[91m[1mError: [0m{
  "name": "UnknownError",
  "data": {
    "message": "Unexpected server error. Check server logs for details.",
    "ref": "err_f10de71b"
  }
}
===== ANALYST ling3 2026-09-10 00:54:07 UTC =====
[91m[1mError: [0m{
  "name": "UnknownError",
  "data": {
    "message": "Unexpected server error. Check server logs for details.",
    "ref": "err_b184f75e"
  }
}
===== ANALYST ling3 2026-09-10 05:43:54 UTC =====
[91m[1mError: [0m{
  "name": "UnknownError",
  "data": {
    "message": "Unexpected server error. Check server logs for details.",
    "ref": "err_e61705e5"
  }
}
===== ANALYST ling3 2026-09-10 10:11:11 UTC =====
[91m[1mError: [0m{
  "name": "UnknownError",
  "data": {
    "message": "Unexpected server error. Check server logs for details.",
    "ref": "err_bebfcd83"
  }
}
===== ANALYST ling3 2026-09-10 14:42:33 UTC =====
[91m[1mError: [0m{
  "name": "UnknownError",
  "data": {
    "message": "Unexpected server error. Check server logs for details.",
    "ref": "err_50717764"
  }
}
===== ANALYST ling3 2026-09-10 17:57:11 UTC =====
[91m[1mError: [0m{
  "name": "UnknownError",
  "data": {
    "message": "Unexpected server error. Check server logs for details.",
    "ref": "err_afd194b4"
  }
}
===== ANALYST ling3 2026-09-10 20:32:16 UTC =====
[91m[1mError: [0m{
  "name": "UnknownError",
  "data": {
    "message": "Unexpected server error. Check server logs for details.",
    "ref": "err_8d19fbd2"
  }
}
===== ANALYST ling3 2026-09-10 22:48:06 UTC =====
[91m[1mError: [0m{
  "name": "UnknownError",
  "data": {
    "message": "Unexpected server error. Check server logs for details.",
    "ref": "err_1cbd13a1"
  }
}
===== ANALYST ling3 2026-09-11 00:57:29 UTC =====
[91m[1mError: [0m{
  "name": "UnknownError",
  "data": {
    "message": "Unexpected server error. Check server logs for details.",
    "ref": "err_88c96c43"
  }
}
===== ANALYST ling3 2026-09-11 05:46:33 UTC =====
[91m[1mError: [0m{
  "name": "UnknownError",
  "data": {
    "message": "Unexpected server error. Check server logs for details.",
    "ref": "err_756cfb13"
  }
}
===== ANALYST ling3 2026-09-11 10:07:18 UTC =====
[91m[1mError: [0m{
  "name": "UnknownError",
  "data": {
    "message": "Unexpected server error. Check server logs for details.",
    "ref": "err_f883696e"
  }
}
===== ANALYST ling3 2026-09-11 14:40:30 UTC =====
[91m[1mError: [0m{
  "name": "UnknownError",
  "data": {
    "message": "Unexpected server error. Check server logs for details.",
    "ref": "err_f9d406d4"
  }
}
===== ANALYST ling3 2026-09-11 18:01:32 UTC =====
[91m[1mError: [0m{
  "name": "UnknownError",
  "data": {
    "message": "Unexpected server error. Check server logs for details.",
    "ref": "err_b5a28afb"
  }
}
===== ANALYST ling3 2026-09-11 20:42:29 UTC =====
[91m[1mError: [0m{
  "name": "UnknownError",
  "data": {
    "message": "Unexpected server error. Check server logs for details.",
    "ref": "err_a066b3a0"
  }
}
===== ANALYST ling3 2026-09-11 22:47:57 UTC =====
[91m[1mError: [0m{
  "name": "UnknownError",
  "data": {
    "message": "Unexpected server error. Check server logs for details.",
    "ref": "err_812ff11c"
  }
}
===== ANALYST ling3 2026-09-12 00:58:51 UTC =====
[91m[1mError: [0m{
  "name": "UnknownError",
  "data": {
    "message": "Unexpected server error. Check server logs for details.",
    "ref": "err_1f54f316"
  }
}
===== ANALYST ling3 2026-09-12 05:31:41 UTC =====
[91m[1mError: [0m{
  "name": "UnknownError",
  "data": {
    "message": "Unexpected server error. Check server logs for details.",
    "ref": "err_ff6d62b8"
  }
}
===== ANALYST ling3 2026-09-12 09:39:51 UTC =====
[91m[1mError: [0m{
  "name": "UnknownError",
  "data": {
    "message": "Unexpected server error. Check server logs for details.",
    "ref": "err_9c829954"
  }
}
===== ANALYST ling3 2026-09-12 13:13:44 UTC =====
[91m[1mError: [0m{
  "name": "UnknownError",
  "data": {
    "message": "Unexpected server error. Check server logs for details.",
    "ref": "err_68931c3e"
  }
}
===== ANALYST ling3 2026-09-12 16:28:08 UTC =====
[91m[1mError: [0m{
  "name": "UnknownError",
  "data": {
    "message": "Unexpected server error. Check server logs for details.",
    "ref": "err_617a0344"
  }
}
===== ANALYST ling3 2026-09-12 18:46:36 UTC =====
[91m[1mError: [0m{
  "name": "UnknownError",
  "data": {
    "message": "Unexpected server error. Check server logs for details.",
    "ref": "err_e8363c68"
  }
}
===== ANALYST ling3 2026-09-12 21:21:19 UTC =====
[91m[1mError: [0m{
  "name": "UnknownError",
  "data": {
    "message": "Unexpected server error. Check server logs for details.",
    "ref": "err_2c055f83"
  }
}
===== ANALYST ling3 2026-09-12 23:07:35 UTC =====
[91m[1mError: [0m{
  "name": "UnknownError",
  "data": {
    "message": "Unexpected server error. Check server logs for details.",
    "ref": "err_ee0b1cd0"
  }
}
===== ANALYST ling3 2026-09-13 01:12:01 UTC =====
[91m[1mError: [0m{
  "name": "UnknownError",
  "data": {
    "message": "Unexpected server error. Check server logs for details.",
    "ref": "err_1af63108"
  }
}
===== ANALYST ling3 2026-09-13 06:30:41 UTC =====
[91m[1mError: [0m{
  "name": "UnknownError",
  "data": {
    "message": "Unexpected server error. Check server logs for details.",
    "ref": "err_18dcacf2"
  }
}
===== ANALYST ling3 2026-09-13 12:09:01 UTC =====
[91m[1mError: [0m{
  "name": "UnknownError",
  "data": {
    "message": "Unexpected server error. Check server logs for details.",
    "ref": "err_1a8fdfbc"
  }
}
===== ANALYST ling3 2026-09-13 16:46:19 UTC =====
[91m[1mError: [0m{
  "name": "UnknownError",
  "data": {
    "message": "Unexpected server error. Check server logs for details.",
    "ref": "err_97c74d48"
  }
}
===== ANALYST ling3 2026-09-13 19:14:36 UTC =====
[91m[1mError: [0m{
  "name": "UnknownError",
  "data": {
    "message": "Unexpected server error. Check server logs for details.",
    "ref": "err_7cf8bbfb"
  }
}
===== ANALYST ling3 2026-09-13 21:20:46 UTC =====
[91m[1mError: [0m{
  "name": "UnknownError",
  "data": {
    "message": "Unexpected server error. Check server logs for details.",
    "ref": "err_4a8042c4"
  }
}
===== ANALYST ling3 2026-09-13 23:17:43 UTC =====
[91m[1mError: [0m{
  "name": "UnknownError",
  "data": {
    "message": "Unexpected server error. Check server logs for details.",
    "ref": "err_0d292f55"
  }
}
===== ANALYST ling3 2026-09-14 01:15:16 UTC =====
[91m[1mError: [0m{
  "name": "UnknownError",
  "data": {
    "message": "Unexpected server error. Check server logs for details.",
    "ref": "err_86ae0081"
  }
}
===== ANALYST ling3 2026-09-14 06:31:23 UTC =====
[91m[1mError: [0m{
  "name": "UnknownError",
  "data": {
    "message": "Unexpected server error. Check server logs for details.",
    "ref": "err_2c8b4c11"
  }
}
===== ANALYST ling3 2026-09-14 13:38:21 UTC =====
[91m[1mError: [0m{
  "name": "UnknownError",
  "data": {
    "message": "Unexpected server error. Check server logs for details.",
    "ref": "err_af423e96"
  }
}
===== ANALYST ling3 2026-09-14 18:49:03 UTC =====
[91m[1mError: [0m{
  "name": "UnknownError",
  "data": {
    "message": "Unexpected server error. Check server logs for details.",
    "ref": "err_b80c06ba"
  }
}
===== ANALYST ling3 2026-09-14 22:18:45 UTC =====
[91m[1mError: [0m{
  "name": "UnknownError",
  "data": {
    "message": "Unexpected server error. Check server logs for details.",
    "ref": "err_e0b97a83"
  }
}
===== ANALYST ling3 2026-09-15 00:46:32 UTC =====
[91m[1mError: [0m{
  "name": "UnknownError",
  "data": {
    "message": "Unexpected server error. Check server logs for details.",
    "ref": "err_c9ff637e"
  }
}
===== ANALYST ling3 2026-09-15 05:55:57 UTC =====
[91m[1mError: [0m{
  "name": "UnknownError",
  "data": {
    "message": "Unexpected server error. Check server logs for details.",
    "ref": "err_9f60ac97"
  }
}
===== ANALYST ling3 2026-09-15 11:28:50 UTC =====
[91m[1mError: [0m{
  "name": "UnknownError",
  "data": {
    "message": "Unexpected server error. Check server logs for details.",
    "ref": "err_3ffd607b"
  }
}
===== ANALYST ling3 2026-09-15 15:43:17 UTC =====
[91m[1mError: [0m{
  "name": "UnknownError",
  "data": {
    "message": "Unexpected server error. Check server logs for details.",
    "ref": "err_387ca87c"
  }
}
===== ANALYST ling3 2026-09-15 19:29:55 UTC =====
[91m[1mError: [0m{
  "name": "UnknownError",
  "data": {
    "message": "Unexpected server error. Check server logs for details.",
    "ref": "err_4d94fbb8"
  }
}
===== ANALYST ling3 2026-09-15 22:25:36 UTC =====
[91m[1mError: [0m{
  "name": "UnknownError",
  "data": {
    "message": "Unexpected server error. Check server logs for details.",
    "ref": "err_b6b3a4cc"
  }
}
===== ANALYST ling3 2026-09-16 00:32:58 UTC =====
[91m[1mError: [0m{
  "name": "UnknownError",
  "data": {
    "message": "Unexpected server error. Check server logs for details.",
    "ref": "err_fa3ff764"
  }
}
===== ANALYST ling3 2026-09-16 05:14:48 UTC =====
[91m[1mError: [0m{
  "name": "UnknownError",
  "data": {
    "message": "Unexpected server error. Check server logs for details.",
    "ref": "err_29f4f9a4"
  }
}
===== ANALYST ling3 2026-09-16 10:06:19 UTC =====
[91m[1mError: [0m{
  "name": "UnknownError",
  "data": {
    "message": "Unexpected server error. Check server logs for details.",
    "ref": "err_cdaa2e67"
  }
}
===== ANALYST ling3 2026-09-16 15:06:05 UTC =====
[91m[1mError: [0m{
  "name": "UnknownError",
  "data": {
    "message": "Unexpected server error. Check server logs for details.",
    "ref": "err_de0a6c73"
  }
}
===== ANALYST ling3 2026-09-16 19:16:51 UTC =====
[91m[1mError: [0m{
  "name": "UnknownError",
  "data": {
    "message": "Unexpected server error. Check server logs for details.",
    "ref": "err_e2bba7c9"
  }
}
===== ANALYST ling3 2026-09-16 21:58:16 UTC =====
[91m[1mError: [0m{
  "name": "UnknownError",
  "data": {
    "message": "Unexpected server error. Check server logs for details.",
    "ref": "err_21a0b5e8"
  }
}
===== ANALYST ling3 2026-09-17 00:14:21 UTC =====
[91m[1mError: [0m{
  "name": "UnknownError",
  "data": {
    "message": "Unexpected server error. Check server logs for details.",
    "ref": "err_74ffc668"
  }
}
===== ANALYST ling3 2026-09-17 05:00:44 UTC =====
[91m[1mError: [0m{
  "name": "UnknownError",
  "data": {
    "message": "Unexpected server error. Check server logs for details.",
    "ref": "err_ba009e0c"
  }
}
===== ANALYST ling3 2026-09-17 10:02:23 UTC =====
[91m[1mError: [0m{
  "name": "UnknownError",
  "data": {
    "message": "Unexpected server error. Check server logs for details.",
    "ref": "err_7c7c7797"
  }
}
===== ANALYST ling3 2026-09-17 14:47:38 UTC =====
[91m[1mError: [0m{
  "name": "UnknownError",
  "data": {
    "message": "Unexpected server error. Check server logs for details.",
    "ref": "err_51ac8ef9"
  }
}
===== ANALYST ling3 2026-09-17 18:52:29 UTC =====
[91m[1mError: [0m{
  "name": "UnknownError",
  "data": {
    "message": "Unexpected server error. Check server logs for details.",
    "ref": "err_31723790"
  }
}
===== ANALYST ling3 2026-09-17 21:57:50 UTC =====
[91m[1mError: [0m{
  "name": "UnknownError",
  "data": {
    "message": "Unexpected server error. Check server logs for details.",
    "ref": "err_769a5798"
  }
}
===== ANALYST ling3 2026-09-17 23:58:08 UTC =====
[91m[1mError: [0m{
  "name": "UnknownError",
  "data": {
    "message": "Unexpected server error. Check server logs for details.",
    "ref": "err_0040c989"
  }
}
===== ANALYST ling3 2026-09-18 03:55:14 UTC =====
[91m[1mError: [0m{
  "name": "UnknownError",
  "data": {
    "message": "Unexpected server error. Check server logs for details.",
    "ref": "err_f09390c6"
  }
}
===== ANALYST ling3 2026-09-18 08:50:30 UTC =====
[91m[1mError: [0m{
  "name": "UnknownError",
  "data": {
    "message": "Unexpected server error. Check server logs for details.",
    "ref": "err_877a3e77"
  }
}
===== ANALYST ling3 2026-09-18 13:27:48 UTC =====
[91m[1mError: [0m{
  "name": "UnknownError",
  "data": {
    "message": "Unexpected server error. Check server logs for details.",
    "ref": "err_17c1b109"
  }
}
===== ANALYST ling3 2026-09-18 17:13:57 UTC =====
[91m[1mError: [0m{
  "name": "UnknownError",
  "data": {
    "message": "Unexpected server error. Check server logs for details.",
    "ref": "err_0c355908"
  }
}
===== ANALYST ling3 2026-09-18 19:45:00 UTC =====
[91m[1mError: [0m{
  "name": "UnknownError",
  "data": {
    "message": "Unexpected server error. Check server logs for details.",
    "ref": "err_fec9e2cf"
  }
}
